// Jest Snapshot v1, https://goo.gl/fbAQLP

exports[`UrqlProvider should render when provided a client instance 1`] = `
<Provider
  client={
    Client {
      "cache": Object {
        "invalidate": [Function],
        "invalidateAll": [Function],
        "read": [Function],
        "update": [Function],
        "write": [Function],
      },
      "executeMutation": [Function],
      "executeQuery": [Function],
      "fetchOptions": Object {
        "integrity": "",
        "referrerPolicy": "",
      },
      "refreshAllFromCache": [Function],
      "store": Object {},
      "subscriptions": Object {},
      "updateSubscribers": [Function],
      "url": "https://localhost:3000",
    }
  }
/>
`;
